PropertyEdit.h:13:2:PropertyEdit::PropertyEdit()	16	static
PropertyEdit.h:14:10:PropertyEdit::~PropertyEdit()	16	static
PropertyEdit.h:14:10:virtual PropertyEdit::~PropertyEdit()	16	static
gthr-default.h:229:1:int __gthread_key_delete(__gthread_key_t)	16	static
atomic_base.h:99:3:constexpr std::memory_order std::operator&(std::memory_order, std::__memory_order_modifier)	16	static
atomic:80:5:bool std::atomic<bool>::operator=(bool)	16	static
StringEdit.cpp:17:1:StringEdit::StringEdit(LiquidCrystal*, std::string, std::string*, int)	24	static
StringEdit.cpp:25:1:StringEdit::~StringEdit()	16	static
StringEdit.cpp:25:1:virtual StringEdit::~StringEdit()	16	static
StringEdit.cpp:28:6:virtual void StringEdit::increment()	16	static
StringEdit.cpp:33:6:virtual void StringEdit::decrement()	16	static
StringEdit.cpp:38:6:virtual void StringEdit::accept()	16	static
StringEdit.cpp:43:6:virtual void StringEdit::cancel()	16	static
StringEdit.cpp:48:6:virtual void StringEdit::setFocus(bool)	16	static
StringEdit.cpp:52:6:virtual bool StringEdit::getFocus()	16	static
StringEdit.cpp:56:6:virtual void StringEdit::display()	40	static
StringEdit.cpp:72:6:void StringEdit::save()	16	static
StringEdit.cpp:78:5:int StringEdit::getValue()	16	static
StringEdit.cpp:82:6:void StringEdit::setValue(int)	16	static
atomic_base.h:288:7:std::__atomic_base<_IntTp>::__int_type std::__atomic_base<_IntTp>::operator=(std::__atomic_base<_IntTp>::__int_type) [with _ITp = bool]	24	static
